[libanky.cilf.cz/index.html]
[backblue.gif]
[fade.gif]
[index.html]
[s2.wp.com/wp-content/mu-plugins/global-print/global-printa1cf.css]
[libanky.cilf.cz/wordpress_test_cookie=test; path=/index.html]
[libanky.cilf.cz/feed/index.html]
[s0.wp.com/_static/index687b.html]
[s0.wp.com/wp-content/mu-plugins/highlander-comments/style6f5b.css]
[s0.wp.com/_static/index77c1.html]
[s1.wp.com/_static/index0b3e.html]
[s1.wp.com/wp-includes/wlwmanifest.xml]
[s0.wp.com/_static/indexc738.html]
[libanky.cilf.cz/comments/feed/index.html]
[s1.wp.com/i/favicon.ico]
[s2.wp.com/i/webclip.png]
[libanky.cilf.cz/osd.xml]
[s1.wp.com/opensearch.xml]
[libankycilf.files.wordpress.com/2018/09/cropped-dsc_5893.jpg]
[libanky.cilf.cz/2018/09/24/mirime-zpet-domu/index.html]
[libankycilf.files.wordpress.com/2018/09/485cbf26-e30f-422b-ab99-116c5339f251.jpg]
[libanky.cilf.cz/author/leninka008/index.html]
[libankycilf.files.wordpress.com/2018/09/485cbf26-e30f-422b-ab99-116c5339f251ca7c.jpg]
[libankycilf.files.wordpress.com/2018/09/d05fc060-3cb9-46ba-adf0-064af23ad940.jpg]
[libankycilf.files.wordpress.com/2018/09/d05fc060-3cb9-46ba-adf0-064af23ad940ca7c.jpg]
[libankycilf.files.wordpress.com/2018/09/e468c307-0f4e-45c6-97c4-fa24cfb9c322.jpg]
[libankycilf.files.wordpress.com/2018/09/e468c307-0f4e-45c6-97c4-fa24cfb9c32286d7.jpg]
[libankycilf.files.wordpress.com/2018/09/53e9838e-b74a-436f-b1ca-eeec845425df.jpg]
[libankycilf.files.wordpress.com/2018/09/53e9838e-b74a-436f-b1ca-eeec845425df237c.jpg]
[libankycilf.files.wordpress.com/2018/09/b28e3a7b-cae1-4884-8c78-f1fbb4fb92a9.jpg]
[libankycilf.files.wordpress.com/2018/09/b28e3a7b-cae1-4884-8c78-f1fbb4fb92a9ba62.jpg]
[libankycilf.files.wordpress.com/2018/09/d069cd3b-5501-4b0f-8f3f-36e9f94dd81d.jpg]
[libankycilf.files.wordpress.com/2018/09/d069cd3b-5501-4b0f-8f3f-36e9f94dd81dca7c.jpg]
[libankycilf.files.wordpress.com/2018/09/img_0097.jpg]
[libanky.cilf.cz/2018/09/23/more-a-pohoda/index.html]
[libankycilf.files.wordpress.com/2018/09/img_009767d3.jpg]
[libankycilf.files.wordpress.com/2018/09/6ed3362f-4c2e-4cc2-89c0-9544b7f24de2.jpg]
[libankycilf.files.wordpress.com/2018/09/6ed3362f-4c2e-4cc2-89c0-9544b7f24de2ca7c.jpg]
[libankycilf.files.wordpress.com/2018/09/img_0103.jpg]
[libankycilf.files.wordpress.com/2018/09/img_0103ca7c.jpg]
[libankycilf.files.wordpress.com/2018/09/70e5aad6-5955-4f01-aaf8-5273e73ec40c.jpg]
[libankycilf.files.wordpress.com/2018/09/70e5aad6-5955-4f01-aaf8-5273e73ec40c67d3.jpg]
[libankycilf.files.wordpress.com/2018/09/img_0115.jpg]
[libankycilf.files.wordpress.com/2018/09/img_011567d3.jpg]
[libankycilf.files.wordpress.com/2018/09/img_0112.jpg]
[libankycilf.files.wordpress.com/2018/09/img_011267d3.jpg]
[libankycilf.files.wordpress.com/2018/09/img_0122.jpg]
[libankycilf.files.wordpress.com/2018/09/img_012267d3.jpg]
[libankycilf.files.wordpress.com/2018/09/img_0090.jpg]
[libankycilf.files.wordpress.com/2018/09/img_0090ca7c.jpg]
[libanky.cilf.cz/2018/09/22/muj-patek-trinacteho/index.html]
[libankycilf.files.wordpress.com/2018/09/1a97238c-77af-45b1-bd52-9be58b79c113.jpg]
[libankycilf.files.wordpress.com/2018/09/1a97238c-77af-45b1-bd52-9be58b79c1139db4.jpg]
[libankycilf.files.wordpress.com/2018/09/2e172622-1413-493f-bd46-c409c1d7bc5a.jpg]
[libankycilf.files.wordpress.com/2018/09/2e172622-1413-493f-bd46-c409c1d7bc5affca.jpg]
[libankycilf.files.wordpress.com/2018/09/42d6c1ec-efdc-48bf-a9ea-6d8247f4b4fb.jpg]
[libankycilf.files.wordpress.com/2018/09/42d6c1ec-efdc-48bf-a9ea-6d8247f4b4fbffca.jpg]
[libankycilf.files.wordpress.com/2018/09/70eadf2a-0ccb-448c-9669-9edb78b7e5bd.jpg]
[libankycilf.files.wordpress.com/2018/09/70eadf2a-0ccb-448c-9669-9edb78b7e5bdffca.jpg]
[libankycilf.files.wordpress.com/2018/09/6e347a36-15a4-4416-a2a8-0c4d8c432fcb.jpg]
[libankycilf.files.wordpress.com/2018/09/6e347a36-15a4-4416-a2a8-0c4d8c432fcb9db4.jpg]
[libankycilf.files.wordpress.com/2018/09/41732191120.jpg]
[libankycilf.files.wordpress.com/2018/09/417321911201dcb.jpg]
[libankycilf.files.wordpress.com/2018/09/img_0089.jpg]
[libankycilf.files.wordpress.com/2018/09/img_008967d3.jpg]
[libankycilf.files.wordpress.com/2018/09/img_0091.jpg]
[libankycilf.files.wordpress.com/2018/09/img_009167d3.jpg]
[libankycilf.files.wordpress.com/2018/09/img_0093.jpg]
[libankycilf.files.wordpress.com/2018/09/img_009367d3.jpg]
[libankycilf.files.wordpress.com/2018/09/7b2664d2-8add-4df0-9cb0-55a5cb04646f.jpg]
[libankycilf.files.wordpress.com/2018/09/7b2664d2-8add-4df0-9cb0-55a5cb04646f67d3.jpg]
[libankycilf.files.wordpress.com/2018/09/7b43154b-05f8-4b0b-a565-2d3a7b4def07.jpg]
[libankycilf.files.wordpress.com/2018/09/7b43154b-05f8-4b0b-a565-2d3a7b4def07ca7c.jpg]
[libankycilf.files.wordpress.com/2018/09/img_0094.jpg]
[libankycilf.files.wordpress.com/2018/09/img_0094ca7c.jpg]
[libankycilf.files.wordpress.com/2018/09/img_0096.jpg]
[libankycilf.files.wordpress.com/2018/09/img_0096ca7c.jpg]
[libankycilf.files.wordpress.com/2018/09/566d3843-e015-4652-8a3c-ca113bea09a2.jpg]
[libankycilf.files.wordpress.com/2018/09/566d3843-e015-4652-8a3c-ca113bea09a2ca7c.jpg]
[libankycilf.files.wordpress.com/2018/09/86a7f54c-58b9-4082-a5d6-610e91bf935c.jpg]
[libankycilf.files.wordpress.com/2018/09/86a7f54c-58b9-4082-a5d6-610e91bf935cca7c.jpg]
[libankycilf.files.wordpress.com/2018/09/2cc29240-70fb-4e12-8dbf-ad6dbacd55a3.jpg]
[libankycilf.files.wordpress.com/2018/09/2cc29240-70fb-4e12-8dbf-ad6dbacd55a3ca7c.jpg]
[libanky.cilf.cz/2018/09/21/bohinj/index.html]
[libankycilf.files.wordpress.com/2018/09/953c7c38-ff52-463a-b535-1aeec34b48b2.jpg]
[libankycilf.files.wordpress.com/2018/09/953c7c38-ff52-463a-b535-1aeec34b48b2ca7c.jpg]
[libankycilf.files.wordpress.com/2018/09/56f3f933-9f57-4e6b-a28a-8f38e66bf09a.jpg]
[libankycilf.files.wordpress.com/2018/09/56f3f933-9f57-4e6b-a28a-8f38e66bf09aca7c.jpg]
[libankycilf.files.wordpress.com/2018/09/89b0e0e3-9e24-4f4d-ba69-cfe6f8bf375a.jpg]
[libankycilf.files.wordpress.com/2018/09/89b0e0e3-9e24-4f4d-ba69-cfe6f8bf375aca7c.jpg]
[libankycilf.files.wordpress.com/2018/09/5a070e5a-3db4-470e-b2c6-0ff878287868.jpg]
[libankycilf.files.wordpress.com/2018/09/5a070e5a-3db4-470e-b2c6-0ff878287868ca7c.jpg]
[libankycilf.files.wordpress.com/2018/09/fcb81367-d76b-487d-b710-aa321e495079.jpg]
[libankycilf.files.wordpress.com/2018/09/fcb81367-d76b-487d-b710-aa321e495079ca7c.jpg]
[libankycilf.files.wordpress.com/2018/09/70f4fb23-91ef-4381-9d63-877f5ec443c1.jpg]
[libankycilf.files.wordpress.com/2018/09/70f4fb23-91ef-4381-9d63-877f5ec443c1ca7c.jpg]
[libankycilf.files.wordpress.com/2018/09/fb589ffd-5853-4a30-91fa-dda5f9ab54bb.jpg]
[libankycilf.files.wordpress.com/2018/09/fb589ffd-5853-4a30-91fa-dda5f9ab54bb67d3.jpg]
[libankycilf.files.wordpress.com/2018/09/f66a3e7b-ff6b-4be9-a328-0f9982b540f0.jpg]
[libankycilf.files.wordpress.com/2018/09/f66a3e7b-ff6b-4be9-a328-0f9982b540f0ca7c.jpg]
[libankycilf.files.wordpress.com/2018/09/f5fcc620-ece8-4d9a-9de9-a10ae628e575.jpg]
[libankycilf.files.wordpress.com/2018/09/f5fcc620-ece8-4d9a-9de9-a10ae628e575ca7c.jpg]
[libankycilf.files.wordpress.com/2018/09/7c43f3be-864d-4a59-8562-a4371046feec.jpg]
[libankycilf.files.wordpress.com/2018/09/7c43f3be-864d-4a59-8562-a4371046feecca7c.jpg]
[libankycilf.files.wordpress.com/2018/09/img_0079.jpg]
[libankycilf.files.wordpress.com/2018/09/img_0079ca7c.jpg]
[libankycilf.files.wordpress.com/2018/09/img_5861.jpg]
[libankycilf.files.wordpress.com/2018/09/img_5861ca7c.jpg]
[libankycilf.files.wordpress.com/2018/09/img_3804.jpg]
[libankycilf.files.wordpress.com/2018/09/img_3804ca7c.jpg]
[libankycilf.files.wordpress.com/2018/09/img_0081.jpg]
[libankycilf.files.wordpress.com/2018/09/img_0081ca7c.jpg]
[libankycilf.files.wordpress.com/2018/09/img_0087.jpg]
[libankycilf.files.wordpress.com/2018/09/img_0087ca7c.jpg]
[libankycilf.files.wordpress.com/2018/09/img_7290.jpg]
[libankycilf.files.wordpress.com/2018/09/img_729067d3.jpg]
[libanky.cilf.cz/2018/09/20/perecnik/index.html]
[libankycilf.files.wordpress.com/2018/09/img_1979.jpg]
[libankycilf.files.wordpress.com/2018/09/img_1979ffca.jpg]
[libankycilf.files.wordpress.com/2018/09/img_1978.jpg]
[libankycilf.files.wordpress.com/2018/09/img_1978ffca.jpg]
[libankycilf.files.wordpress.com/2018/09/img_1984.jpg]
[libankycilf.files.wordpress.com/2018/09/img_19849db4.jpg]
[libankycilf.files.wordpress.com/2018/09/img_1981.jpg]
[libankycilf.files.wordpress.com/2018/09/img_1981ffca.jpg]
[libankycilf.files.wordpress.com/2018/09/img_8819.jpg]
[libankycilf.files.wordpress.com/2018/09/img_881986d7.jpg]
[libankycilf.files.wordpress.com/2018/09/img_1991.jpg]
[libankycilf.files.wordpress.com/2018/09/img_19919db4.jpg]
[libankycilf.files.wordpress.com/2018/09/img_7747.jpg]
[libankycilf.files.wordpress.com/2018/09/img_774767d3.jpg]
[libankycilf.files.wordpress.com/2018/09/img_1722.jpg]
[libankycilf.files.wordpress.com/2018/09/img_172267d3.jpg]
[libankycilf.files.wordpress.com/2018/09/img_2539.jpg]
[libankycilf.files.wordpress.com/2018/09/img_253967d3.jpg]
[libankycilf.files.wordpress.com/2018/09/img_9061.jpg]
[libankycilf.files.wordpress.com/2018/09/img_9061ca7c.jpg]
[libankycilf.files.wordpress.com/2018/09/img_0860.jpg]
[libankycilf.files.wordpress.com/2018/09/img_0860ca7c.jpg]
[libankycilf.files.wordpress.com/2018/09/img_4678.jpg]
[libankycilf.files.wordpress.com/2018/09/img_4678bdbc.jpg]
[libankycilf.files.wordpress.com/2018/09/img_1992.jpg]
[libankycilf.files.wordpress.com/2018/09/img_1992ffca.jpg]
[libankycilf.files.wordpress.com/2018/09/img_1989.jpg]
[libankycilf.files.wordpress.com/2018/09/img_19899db4.jpg]
[libankycilf.files.wordpress.com/2018/09/img_1985.jpg]
[libankycilf.files.wordpress.com/2018/09/img_19859db4.jpg]
[libankycilf.files.wordpress.com/2018/09/img_1987.jpg]
[libankycilf.files.wordpress.com/2018/09/img_19879db4.jpg]
[libankycilf.files.wordpress.com/2018/09/img_9131.jpg]
[libankycilf.files.wordpress.com/2018/09/img_9131ca7c.jpg]
[libankycilf.files.wordpress.com/2018/09/img_6585.jpg]
[libankycilf.files.wordpress.com/2018/09/img_658586d7.jpg]
[libanky.cilf.cz/2018/09/19/jezero-bled/index.html]
[libankycilf.files.wordpress.com/2018/09/c93dab82-1350-4db5-b212-4cee6b792593.jpg]
[libankycilf.files.wordpress.com/2018/09/c93dab82-1350-4db5-b212-4cee6b792593bdbc.jpg]
[libankycilf.files.wordpress.com/2018/09/ae51d8af-afb1-4559-b481-d94075121ef8.jpg]
[libankycilf.files.wordpress.com/2018/09/ae51d8af-afb1-4559-b481-d94075121ef867d3.jpg]
[libankycilf.files.wordpress.com/2018/09/633bf432-fa4d-442c-a78c-8578e3ef2780.jpg]
[libankycilf.files.wordpress.com/2018/09/633bf432-fa4d-442c-a78c-8578e3ef2780ca7c.jpg]
[libankycilf.files.wordpress.com/2018/09/c6596a17-6408-4c4b-a981-aac9b2bb1d96.jpg]
[libankycilf.files.wordpress.com/2018/09/c6596a17-6408-4c4b-a981-aac9b2bb1d96ca7c.jpg]
[libankycilf.files.wordpress.com/2018/09/2a4efb96-54e8-4ad4-b7c6-054a62a37729.jpg]
[libankycilf.files.wordpress.com/2018/09/2a4efb96-54e8-4ad4-b7c6-054a62a3772967d3.jpg]
[libankycilf.files.wordpress.com/2018/09/0a71fa6a-de2c-4595-a3ea-13ea6af4c565.jpg]
[libankycilf.files.wordpress.com/2018/09/0a71fa6a-de2c-4595-a3ea-13ea6af4c56567d3.jpg]
[libankycilf.files.wordpress.com/2018/09/img_0068.jpg]
[libankycilf.files.wordpress.com/2018/09/img_0068ca7c.jpg]
[libankycilf.files.wordpress.com/2018/09/img_0071.jpg]
[libankycilf.files.wordpress.com/2018/09/img_0071ca7c.jpg]
[libankycilf.files.wordpress.com/2018/09/img_0056.jpg]
[libankycilf.files.wordpress.com/2018/09/img_0056ca7c.jpg]
[libankycilf.files.wordpress.com/2018/09/img_0061.jpg]
[libankycilf.files.wordpress.com/2018/09/img_0061ca7c.jpg]
[libankycilf.files.wordpress.com/2018/09/img_0057.jpg]
[libankycilf.files.wordpress.com/2018/09/img_0057ca7c.jpg]
[libankycilf.files.wordpress.com/2018/09/img_0073.jpg]
[libankycilf.files.wordpress.com/2018/09/img_0073ca7c.jpg]
[libankycilf.files.wordpress.com/2018/09/img_0035.jpg]
[libanky.cilf.cz/2018/09/18/krasy-lublane/index.html]
[libankycilf.files.wordpress.com/2018/09/img_0035ca7c.jpg]
[libankycilf.files.wordpress.com/2018/09/bcbe8f8e-7dba-4118-9d31-159848b4655f.jpg]
[libankycilf.files.wordpress.com/2018/09/bcbe8f8e-7dba-4118-9d31-159848b4655f86d7.jpg]
[libankycilf.files.wordpress.com/2018/09/img_0040-1.jpg]
[libankycilf.files.wordpress.com/2018/09/img_0040-167d3.jpg]
[libankycilf.files.wordpress.com/2018/09/img_0038.jpg]
[libankycilf.files.wordpress.com/2018/09/img_0038ca7c.jpg]
[libankycilf.files.wordpress.com/2018/09/img_0042.jpg]
[libankycilf.files.wordpress.com/2018/09/img_0042ca7c.jpg]
[libankycilf.files.wordpress.com/2018/09/img_0043-1.jpg]
[libankycilf.files.wordpress.com/2018/09/img_0043-1ca7c.jpg]
[libankycilf.files.wordpress.com/2018/09/1aa81556-de23-4cb3-995e-454cab29e1f0.jpg]
[libankycilf.files.wordpress.com/2018/09/1aa81556-de23-4cb3-995e-454cab29e1f0ca7c.jpg]
[libankycilf.files.wordpress.com/2018/09/img_0049.jpg]
[libankycilf.files.wordpress.com/2018/09/img_0049ca7c.jpg]
[libankycilf.files.wordpress.com/2018/09/img_0045.jpg]
[libankycilf.files.wordpress.com/2018/09/img_0045ca7c.jpg]
[libankycilf.files.wordpress.com/2018/09/img_0009.jpg]
[libanky.cilf.cz/2018/09/15/z-balatonu-do-lublane/index.html]
[libankycilf.files.wordpress.com/2018/09/img_0009ca7c.jpg]
[libankycilf.files.wordpress.com/2018/09/lachtan.jpg]
[libankycilf.files.wordpress.com/2018/09/lachtanbbc4.jpg]
[libankycilf.files.wordpress.com/2018/09/img_0027.jpg]
[libankycilf.files.wordpress.com/2018/09/img_0027ca7c.jpg]
[libankycilf.files.wordpress.com/2018/09/img_0013.jpg]
[libankycilf.files.wordpress.com/2018/09/img_0013ca7c.jpg]
[libankycilf.files.wordpress.com/2018/09/img_0024.jpg]
[libankycilf.files.wordpress.com/2018/09/img_0024ca7c.jpg]
[libankycilf.files.wordpress.com/2018/09/f8e84110-8699-492e-ba7c-5e5237c10f9b.jpg]
[libankycilf.files.wordpress.com/2018/09/f8e84110-8699-492e-ba7c-5e5237c10f9bca7c.jpg]
[libanky.cilf.cz/2018/09/15/posledni-den-v-budapesti/index.html]
[libankycilf.files.wordpress.com/2018/09/eee5365e-ab9d-4afc-9dc1-cbfa4dc756a3.jpg]
[libankycilf.files.wordpress.com/2018/09/eee5365e-ab9d-4afc-9dc1-cbfa4dc756a3ca7c.jpg]
[libankycilf.files.wordpress.com/2018/09/img_0008.jpg]
[libankycilf.files.wordpress.com/2018/09/img_000867d3.jpg]
[libankycilf.files.wordpress.com/2018/09/b8aa7c85-7733-4d14-a3a2-f9ee391da0d6.jpg]
[libankycilf.files.wordpress.com/2018/09/b8aa7c85-7733-4d14-a3a2-f9ee391da0d6ca7c.jpg]
[libankycilf.files.wordpress.com/2018/09/e848e4e2-f6a4-43f3-aa9f-ca714ae0b63e.jpg]
[libankycilf.files.wordpress.com/2018/09/e848e4e2-f6a4-43f3-aa9f-ca714ae0b63eca7c.jpg]
[libankycilf.files.wordpress.com/2018/09/ce812c5e-39ac-47d3-b846-ac25639d04fd.jpg]
[libankycilf.files.wordpress.com/2018/09/ce812c5e-39ac-47d3-b846-ac25639d04fdca7c.jpg]
[libankycilf.files.wordpress.com/2018/09/607bf9b0-ec3c-4aa6-8f86-635fe3d9f702.jpg]
[libanky.cilf.cz/2018/09/14/budapest-den-2/index.html]
[libankycilf.files.wordpress.com/2018/09/607bf9b0-ec3c-4aa6-8f86-635fe3d9f702ca7c.jpg]
[libankycilf.files.wordpress.com/2018/09/34f67a0f-5708-451d-aa01-52f0edf52bed.jpg]
[libankycilf.files.wordpress.com/2018/09/34f67a0f-5708-451d-aa01-52f0edf52bedca7c.jpg]
[libankycilf.files.wordpress.com/2018/09/0f5a136e-0226-43ee-8722-1dd06516d39a.jpg]
[libankycilf.files.wordpress.com/2018/09/0f5a136e-0226-43ee-8722-1dd06516d39aca7c.jpg]
[libankycilf.files.wordpress.com/2018/09/c33e0189-2589-44da-bcfb-5b35485d9fc2.jpg]
[libankycilf.files.wordpress.com/2018/09/c33e0189-2589-44da-bcfb-5b35485d9fc2ca7c.jpg]
[libankycilf.files.wordpress.com/2018/09/f2f4febc-57b5-47e8-a470-2783294b1a0e.jpg]
[libankycilf.files.wordpress.com/2018/09/f2f4febc-57b5-47e8-a470-2783294b1a0eca7c.jpg]
[libankycilf.files.wordpress.com/2018/09/img_0003.jpg]
[libankycilf.files.wordpress.com/2018/09/img_0003ca7c.jpg]
[libankycilf.files.wordpress.com/2018/09/f8bf3007-0276-4a02-89e1-8c8b83d42314.jpg]
[libankycilf.files.wordpress.com/2018/09/f8bf3007-0276-4a02-89e1-8c8b83d42314ca7c.jpg]
[libankycilf.files.wordpress.com/2018/09/img_9978.jpg]
[libankycilf.files.wordpress.com/2018/09/img_997867d3.jpg]
[libankycilf.files.wordpress.com/2018/09/img_9980.jpg]
[libanky.cilf.cz/2018/09/13/prvni-den-v-budapesti/index.html]
[libankycilf.files.wordpress.com/2018/09/img_9980ca7c.jpg]
[libankycilf.files.wordpress.com/2018/09/img_9981.jpg]
[libankycilf.files.wordpress.com/2018/09/img_998167d3.jpg]
[libankycilf.files.wordpress.com/2018/09/img_9984.jpg]
[libankycilf.files.wordpress.com/2018/09/img_9984ca7c.jpg]
[libankycilf.files.wordpress.com/2018/09/img_9996.jpg]
[libankycilf.files.wordpress.com/2018/09/img_9996ca7c.jpg]
[libankycilf.files.wordpress.com/2018/09/img_9991.jpg]
[libankycilf.files.wordpress.com/2018/09/img_9991ca7c.jpg]
[libankycilf.files.wordpress.com/2018/09/img_9994.jpg]
[libankycilf.files.wordpress.com/2018/09/img_999467d3.jpg]
[libankycilf.files.wordpress.com/2018/09/15c465b2-4f14-40f6-abee-571751ed29f4.jpg]
[libankycilf.files.wordpress.com/2018/09/15c465b2-4f14-40f6-abee-571751ed29f4ca7c.jpg]
[libankycilf.files.wordpress.com/2018/09/e35f0319-6ec1-43a0-b13c-3082a7f18fe6.jpg]
[libankycilf.files.wordpress.com/2018/09/e35f0319-6ec1-43a0-b13c-3082a7f18fe6ca7c.jpg]
[libankycilf.files.wordpress.com/2018/09/5e543906-e0dc-4020-aa83-8064e922a6a2.jpg]
[libankycilf.files.wordpress.com/2018/09/5e543906-e0dc-4020-aa83-8064e922a6a267d3.jpg]
[libankycilf.files.wordpress.com/2018/09/604ddbc1-0eb3-4ada-8a8b-8f62a0835875.jpg]
[libankycilf.files.wordpress.com/2018/09/604ddbc1-0eb3-4ada-8a8b-8f62a0835875ca7c.jpg]
[libankycilf.files.wordpress.com/2018/09/e7d00f90-a078-4023-9ae5-77c6766b21b7.jpg]
[libankycilf.files.wordpress.com/2018/09/e7d00f90-a078-4023-9ae5-77c6766b21b786d7.jpg]
[libankycilf.files.wordpress.com/2018/09/f64cc6e4-d84b-48ff-bf42-efebcf58e558.jpg]
[libankycilf.files.wordpress.com/2018/09/f64cc6e4-d84b-48ff-bf42-efebcf58e558ca7c.jpg]
[libankycilf.files.wordpress.com/2018/09/acb46dd2-754f-4b2c-9bb7-2f2865afef6a.jpg]
[libankycilf.files.wordpress.com/2018/09/acb46dd2-754f-4b2c-9bb7-2f2865afef6a67d3.jpg]
[libankycilf.files.wordpress.com/2018/09/85517228-aca8-4afb-8d49-49cc1501c3e8.jpg]
[libankycilf.files.wordpress.com/2018/09/85517228-aca8-4afb-8d49-49cc1501c3e8ca7c.jpg]
[libankycilf.files.wordpress.com/2018/09/a4c0c085-fb0f-42c4-9b86-387983d80169.jpg]
[libankycilf.files.wordpress.com/2018/09/a4c0c085-fb0f-42c4-9b86-387983d80169ca7c.jpg]
[libankycilf.files.wordpress.com/2018/09/1c4b6658-7f76-45fc-87a6-ed9e38bde1a9.jpg]
[libanky.cilf.cz/2018/09/12/tatry/index.html]
[libankycilf.files.wordpress.com/2018/09/1c4b6658-7f76-45fc-87a6-ed9e38bde1a9ca7c.jpg]
[libankycilf.files.wordpress.com/2018/09/b2f00c7b-d37a-49e7-ab5f-138674d93f3e.jpg]
[libankycilf.files.wordpress.com/2018/09/b2f00c7b-d37a-49e7-ab5f-138674d93f3eca7c.jpg]
[libankycilf.files.wordpress.com/2018/09/fullsizeoutput_2133.jpg]
[libankycilf.files.wordpress.com/2018/09/fullsizeoutput_2133ca7c.jpg]
[libankycilf.files.wordpress.com/2018/09/fullsizeoutput_2127.jpg]
[libankycilf.files.wordpress.com/2018/09/fullsizeoutput_2127ca7c.jpg]
[libankycilf.files.wordpress.com/2018/09/fullsizeoutput_212b.jpg]
[libankycilf.files.wordpress.com/2018/09/fullsizeoutput_212bca7c.jpg]
[libankycilf.files.wordpress.com/2018/09/a97b1596-5ab5-40ce-8472-b2528386f2ee.jpg]
[libankycilf.files.wordpress.com/2018/09/a97b1596-5ab5-40ce-8472-b2528386f2eeca7c.jpg]
[libankycilf.files.wordpress.com/2018/09/d91b276d-a05b-4564-809a-90b475531156.jpg]
[libankycilf.files.wordpress.com/2018/09/d91b276d-a05b-4564-809a-90b475531156ca7c.jpg]
[libankycilf.files.wordpress.com/2018/09/000a3713-79c4-4cc7-9de9-38c44bbb793c.jpg]
[libankycilf.files.wordpress.com/2018/09/000a3713-79c4-4cc7-9de9-38c44bbb793cca7c.jpg]
[libankycilf.files.wordpress.com/2018/09/e4333265-9d94-4d21-b4a2-e6f8513353a6.jpg]
[libankycilf.files.wordpress.com/2018/09/e4333265-9d94-4d21-b4a2-e6f8513353a6ca7c.jpg]
[libankycilf.files.wordpress.com/2018/09/36db5009-2945-4cff-af75-07c4a99beded.jpg]
[libankycilf.files.wordpress.com/2018/09/36db5009-2945-4cff-af75-07c4a99beded67d3.jpg]
[libankycilf.files.wordpress.com/2018/09/c8cabcb6-5d81-449b-9091-4fab6b14a8b1.jpg]
[libankycilf.files.wordpress.com/2018/09/c8cabcb6-5d81-449b-9091-4fab6b14a8b1ca7c.jpg]
[libankycilf.files.wordpress.com/2018/09/img_9934.jpg]
[libanky.cilf.cz/2018/09/11/slovenske-diery/index.html]
[libankycilf.files.wordpress.com/2018/09/img_9934ca7c.jpg]
[libankycilf.files.wordpress.com/2018/09/07b0c798-cf9a-4e37-9e78-bd8d7b9288fe.jpg]
[libankycilf.files.wordpress.com/2018/09/07b0c798-cf9a-4e37-9e78-bd8d7b9288fe67d3.jpg]
[libankycilf.files.wordpress.com/2018/09/b3a9c2ed-cb29-4db2-922a-b98cc4f41aa5.jpg]
[libankycilf.files.wordpress.com/2018/09/b3a9c2ed-cb29-4db2-922a-b98cc4f41aa567d3.jpg]
[libankycilf.files.wordpress.com/2018/09/img_9931.jpg]
[libankycilf.files.wordpress.com/2018/09/img_9931ca7c.jpg]
[libankycilf.files.wordpress.com/2018/09/0cb4d8a7-edd6-43dc-99d0-185293dd933e.jpg]
[libankycilf.files.wordpress.com/2018/09/0cb4d8a7-edd6-43dc-99d0-185293dd933eca7c.jpg]
[libankycilf.files.wordpress.com/2018/09/img_9939.jpg]
[libankycilf.files.wordpress.com/2018/09/img_9939ca7c.jpg]
[libankycilf.files.wordpress.com/2018/09/img_9951.jpg]
[libankycilf.files.wordpress.com/2018/09/img_9951ca7c.jpg]
[libankycilf.files.wordpress.com/2018/09/img_9955.jpg]
[libankycilf.files.wordpress.com/2018/09/img_9955ca7c.jpg]
[libankycilf.files.wordpress.com/2018/09/img_9946.jpg]
[libankycilf.files.wordpress.com/2018/09/img_9946ca7c.jpg]
[libankycilf.files.wordpress.com/2018/09/fullsizeoutput_2136.jpg]
[libankycilf.files.wordpress.com/2018/09/fullsizeoutput_2136ca7c.jpg]
[libankycilf.files.wordpress.com/2018/09/img_9941.jpg]
[libankycilf.files.wordpress.com/2018/09/img_9941ca7c.jpg]
[libankycilf.files.wordpress.com/2018/09/99d49a74-2758-46c7-b458-da4c5254020a.jpg]
[libankycilf.files.wordpress.com/2018/09/99d49a74-2758-46c7-b458-da4c5254020a67d3.jpg]
[libankycilf.files.wordpress.com/2018/09/fullsizeoutput_2129.jpg]
[libankycilf.files.wordpress.com/2018/09/fullsizeoutput_2129ca7c.jpg]
[libankycilf.files.wordpress.com/2018/09/fullsizeoutput_212f.jpg]
[libankycilf.files.wordpress.com/2018/09/fullsizeoutput_212fca7c.jpg]
[libankycilf.files.wordpress.com/2018/09/img_9937.jpg]
[libankycilf.files.wordpress.com/2018/09/img_9937ca7c.jpg]
[libankycilf.files.wordpress.com/2018/09/img_9936.jpg]
[libankycilf.files.wordpress.com/2018/09/img_9936ca7c.jpg]
[libankycilf.files.wordpress.com/2018/09/img_9956.jpg]
[libankycilf.files.wordpress.com/2018/09/img_9956ca7c.jpg]
[libankycilf.files.wordpress.com/2018/09/2e1905e4-fe40-462e-ac92-373726818ad7.jpg]
[libankycilf.files.wordpress.com/2018/09/2e1905e4-fe40-462e-ac92-373726818ad7ca7c.jpg]
[libankycilf.files.wordpress.com/2018/09/d03fad47-b729-4778-b001-66e0e50d8f37.jpg]
[libankycilf.files.wordpress.com/2018/09/d03fad47-b729-4778-b001-66e0e50d8f3786d7.jpg]
[libankycilf.files.wordpress.com/2018/09/073a5e6e-7b14-4847-9a6e-e133015c7a5b.jpg]
[libankycilf.files.wordpress.com/2018/09/073a5e6e-7b14-4847-9a6e-e133015c7a5bca7c.jpg]
[libankycilf.files.wordpress.com/2018/09/437cc991-9a13-4cfa-ad1f-523f4443a4e1.jpg]
[libanky.cilf.cz/2018/09/10/prvni-den-na-slovensku/index.html]
[libankycilf.files.wordpress.com/2018/09/437cc991-9a13-4cfa-ad1f-523f4443a4e1ca7c.jpg]
[libankycilf.files.wordpress.com/2018/09/28b859c0-1d09-4ac4-b572-b2e4496088ae.jpg]
[libankycilf.files.wordpress.com/2018/09/28b859c0-1d09-4ac4-b572-b2e4496088aeca7c.jpg]
[libankycilf.files.wordpress.com/2018/09/b70d52da-fbb5-4009-890a-736a5bce8c4a.jpg]
[libankycilf.files.wordpress.com/2018/09/b70d52da-fbb5-4009-890a-736a5bce8c4aca7c.jpg]
[libankycilf.files.wordpress.com/2018/09/dsc_5125.jpg]
[libankycilf.files.wordpress.com/2018/09/dsc_5125ffca.jpg]
[libanky.cilf.cz/author/cilfik/index.html]
[libanky.cilf.cz/2018/09/09/uvod/index.html]
[0.gravatar.com/js/gprofiles197e.js]
[s1.wp.com/wp-content/mu-plugins/gravatar-hovercards/wpgrohoc3b6.js]
[libanky.cilf.cz/index.html]
[libanky.cilf.cz/wp-content/plugins/ie-sitemode/custom-jumplist.php]
[s2.wp.com/_static/index1716.html]
[libanky.cilf.cz/xmlrpc.php]
[libanky.cilf.cz/wordpress_test_cookie=test; path=/index.html]
[s2.wp.com/_static/indexbaad.html]
[s2.wp.com/index.html]
[s1.wp.com/index.html]
[s0.wp.com/index.html]
[s0.wp.com/_static/index2894.html]
[s0.wp.com/_static/index687b.html]
[s1.wp.com/wp-content/themes/pub/edin/font/edincon0d3d.eot]
[s1.wp.com/wp-content/themes/pub/edin/font/edincond41d.eot]
[s1.wp.com/wp-content/themes/pub/edin/font/edincon0d3d.woff]
[s1.wp.com/wp-content/themes/pub/edin/font/edincon0d3d.ttf]
[s1.wp.com/wp-content/themes/pub/edin/font/edincon0d3d.svg]
[s1.wp.com/wp-content/mu-plugins/genericons/genericons/Genericons.eot]
[s1.wp.com/wp-content/mu-plugins/genericons/genericons/Genericonsd41d.eot]
[s1.wp.com/wp-content/mu-plugins/genericons/genericons/Genericons.ttf]
[s1.wp.com/wp-content/mu-plugins/genericons/genericons/Genericons.svg]
[s1.wp.com/i/noticons/Noticonsd41d.eot]
[s1.wp.com/_static/index0b3e.html]
[s2.wp.com/wp-content/mu-plugins/global-print/global-printa1cf.css]
[s0.wp.com/_static/index77c1.html]
[s0.wp.com/_static/indexc738.html]
[s1.wp.com/i/noticons/Noticons.ttf]
[s0.wp.com/wp-content/mu-plugins/highlander-comments/images/postto-buttons.png]
[s0.wp.com/wp-content/mu-plugins/highlander-comments/images/button-back.gif]
[libanky.cilf.cz/silk/index.html]
[s1.wp.com/i/noticons/Noticons.svg]
[libanky.cilf.cz/crios/index.html]
[s0.wp.com/wp-content/mu-plugins/highlander-comments/images/button-back-over.gif]
[s0.wp.com/wp-content/mu-plugins/highlander-comments/images/loader.gif]
[s0.wp.com/wp-content/mu-plugins/highlander-comments/style6f5b.css]
[s1.wp.com/_static/indexb15b.html]
[libanky.cilf.cz/2018/09/24/mirime-zpet-domu/wordpress_test_cookie=test; path=/index.html]
[libanky.cilf.cz/2018/09/24/mirime-zpet-domu/index.html]
[widgets.wp.com/likes/masterd1db.html]
[s2.wp.com/_static/indexd19b.html]
[s0.wp.com/_static/index8276.html]
[libanky.cilf.cz/author/leninka008/index.html]
[libanky.cilf.cz/2018/09/24/mirime-zpet-domu/amp/index.html]
[s2.wp.com/_static/index169f.html]
[s0.wp.com/wp-content/mu-plugins/carousel/jetpack-carousel1e46.css]
[libanky.cilf.cz/2018/09/23/more-a-pohoda/index.html]
[libanky.cilf.cz/2018/09/24/mirime-zpet-domu/feed/index.html]
[libanky.cilf.cz/2018/09/22/muj-patek-trinacteho/index.html]
[libanky.cilf.cz/author/leninka008/wordpress_test_cookie=test; path=/index.html]
[s1.wp.com/_static/index494b.html]
[libanky.cilf.cz/2018/09/21/bohinj/index.html]
[libanky.cilf.cz/2018/09/23/more-a-pohoda/wordpress_test_cookie=test; path=/index.html]
[libanky.cilf.cz/2018/09/20/perecnik/index.html]
[libanky.cilf.cz/author/leninka008/feed/index.html]
[libanky.cilf.cz/2018/09/19/jezero-bled/index.html]
[libanky.cilf.cz/2018/09/23/more-a-pohoda/amp/index.html]
[libanky.cilf.cz/2018/09/18/krasy-lublane/index.html]
[libanky.cilf.cz/2018/09/15/z-balatonu-do-lublane/index.html]
[libanky.cilf.cz/2018/09/15/posledni-den-v-budapesti/index.html]
[libanky.cilf.cz/2018/09/23/more-a-pohoda/feed/index.html]
[libanky.cilf.cz/2018/09/14/budapest-den-2/index.html]
[libanky.cilf.cz/2018/09/22/muj-patek-trinacteho/wordpress_test_cookie=test; path=/index.html]
[libanky.cilf.cz/2018/09/13/prvni-den-v-budapesti/index.html]
[s1.wp.com/_static/index46ca.html]
[libanky.cilf.cz/2018/09/12/tatry/index.html]
[libanky.cilf.cz/2018/09/11/slovenske-diery/index.html]
[libanky.cilf.cz/2018/09/22/muj-patek-trinacteho/amp/index.html]
[libanky.cilf.cz/2018/09/10/prvni-den-na-slovensku/index.html]
[libanky.cilf.cz/2018/09/09/uvod/index.html]
[libanky.cilf.cz/2018/09/21/bohinj/wordpress_test_cookie=test; path=/index.html]
[libanky.cilf.cz/author/cilfik/index.html]
[0.gravatar.com/js/gprofiles197e.js]
[s1.wp.com/wp-content/mu-plugins/gravatar-hovercards/wpgrohoc3b6.js]
[libanky.cilf.cz/2018/09/21/bohinj/amp/index.html]
[libanky.cilf.cz/2018/09/22/muj-patek-trinacteho/feed/index.html]
[s2.wp.com/_static/indexbaad.html]
[libanky.cilf.cz/2018/09/20/perecnik/wordpress_test_cookie=test; path=/index.html]
[libanky.cilf.cz/2018/09/21/bohinj/feed/index.html]
[s2.wp.com/wp-content/mu-plugins/carousel/images/arrows.png]
[s2.wp.com/wp-content/mu-plugins/carousel/images/arrows-2x.png]
[s2.wp.com/wp-content/mu-plugins/carousel/images/carousel-spritee4da.png]
[libanky.cilf.cz/2018/09/20/perecnik/amp/index.html]
[libanky.cilf.cz/2018/09/20/perecnik/feed/index.html]
[s2.wp.com/wp-content/mu-plugins/carousel/images/carousel-sprite-2xe4da.png]
[s2.wp.com/_static/index1716.html]
[libanky.cilf.cz/2018/09/19/jezero-bled/wordpress_test_cookie=test; path=/index.html]
[libanky.cilf.cz/2018/09/19/jezero-bled/amp/index.html]
[s0.wp.com/_static/index2894.html]
[libanky.cilf.cz/2018/09/18/krasy-lublane/wordpress_test_cookie=test; path=/index.html]
[s1.wp.com/wp-content/themes/pub/edin/font/edincon0d3d.svg]
[s1.wp.com/wp-content/mu-plugins/genericons/genericons/Genericons.svg]
[libanky.cilf.cz/2018/09/18/krasy-lublane/amp/index.html]
[s1.wp.com/i/noticons/Noticons.svg]
[libanky.cilf.cz/2018/09/19/jezero-bled/feed/index.html]
[libanky.cilf.cz/crios/index.html]
[libanky.cilf.cz/silk/index.html]
[libanky.cilf.cz/2018/09/15/z-balatonu-do-lublane/wordpress_test_cookie=test; path=/index.html]
[libanky.cilf.cz/2018/09/15/z-balatonu-do-lublane/amp/index.html]
[libanky.cilf.cz/2018/09/18/krasy-lublane/feed/index.html]
[libanky.cilf.cz/2018/09/24/mirime-zpet-domu/wordpress_test_cookie=test; path=/index.html]
[s1.wp.com/_static/indexb15b.html]
[libanky.cilf.cz/2018/09/15/posledni-den-v-budapesti/wordpress_test_cookie=test; path=/index.html]
[libanky.cilf.cz/2018/09/15/z-balatonu-do-lublane/feed/index.html]
[libanky.cilf.cz/2018/09/15/posledni-den-v-budapesti/feed/index.html]
[s2.wp.com/wp-content/themes/pub/edin/font/edincon0d3d.eot]
[libanky.cilf.cz/2018/09/15/posledni-den-v-budapesti/amp/index.html]
[s2.wp.com/wp-content/themes/pub/edin/font/edincond41d.eot]
[libanky.cilf.cz/2018/09/14/budapest-den-2/wordpress_test_cookie=test; path=/index.html]
[libanky.cilf.cz/2018/09/14/budapest-den-2/feed/index.html]
[s2.wp.com/wp-content/themes/pub/edin/font/edincon0d3d.woff]
[libanky.cilf.cz/2018/09/14/budapest-den-2/amp/index.html]
[libanky.cilf.cz/2018/09/13/prvni-den-v-budapesti/wordpress_test_cookie=test; path=/index.html]
[s2.wp.com/wp-content/themes/pub/edin/font/edincon0d3d.ttf]
[libanky.cilf.cz/2018/09/13/prvni-den-v-budapesti/amp/index.html]
[libanky.cilf.cz/2018/09/13/prvni-den-v-budapesti/feed/index.html]
[s2.wp.com/wp-content/themes/pub/edin/font/edincon0d3d.svg]
[libanky.cilf.cz/2018/09/12/tatry/wordpress_test_cookie=test; path=/index.html]
[s2.wp.com/wp-content/mu-plugins/genericons/genericons/Genericons.eot]
[libanky.cilf.cz/2018/09/12/tatry/amp/index.html]
[libanky.cilf.cz/2018/09/12/tatry/feed/index.html]
[s2.wp.com/wp-content/mu-plugins/genericons/genericons/Genericonsd41d.eot]
[libanky.cilf.cz/2018/09/11/slovenske-diery/wordpress_test_cookie=test; path=/index.html]
[s2.wp.com/wp-content/mu-plugins/genericons/genericons/Genericons.ttf]
[libanky.cilf.cz/2018/09/11/slovenske-diery/feed/index.html]
[libanky.cilf.cz/2018/09/11/slovenske-diery/amp/index.html]
[s2.wp.com/_static/indexd19b.html]
[libanky.cilf.cz/2018/09/10/prvni-den-na-slovensku/wordpress_test_cookie=test; path=/index.html]
[s2.wp.com/wp-content/mu-plugins/genericons/genericons/Genericons.svg]
[s0.wp.com/wp-content/mu-plugins/social-logos/social-logos6de4.eot]
[s0.wp.com/wp-content/mu-plugins/social-logos/social-logosd41d.eot]
[libanky.cilf.cz/2018/09/10/prvni-den-na-slovensku/feed/index.html]
[s0.wp.com/_static/index8276.html]
[s0.wp.com/wp-content/mu-plugins/social-logos/social-logos6de4.ttf]
[libanky.cilf.cz/2018/09/10/prvni-den-na-slovensku/amp/index.html]
[s2.wp.com/_static/index169f.html]
[libanky.cilf.cz/2018/09/09/uvod/wordpress_test_cookie=test; path=/index.html]
[s2.wp.com/wp-content/plugins/amp/assets/images/placeholder-icon.png]
[libanky.cilf.cz/2018/09/24/mirime-zpet-domu/amp/index.html]
[libanky.cilf.cz/2018/09/09/uvod/amp/index.html]
[libanky.cilf.cz/2018/09/24/mirime-zpet-domu/index9a7b.html]
[libanky.cilf.cz/2018/09/24/mirime-zpet-domu/index5a58.html]
[libanky.cilf.cz/2018/09/24/mirime-zpet-domu/index386f.html]
[libanky.cilf.cz/author/cilfik/feed/index.html]
[libanky.cilf.cz/author/cilfik/wordpress_test_cookie=test; path=/index.html]
[s0.wp.com/_static/index6f9a.html]
[libanky.cilf.cz/2018/09/09/uvod/feed/index.html]
[s1.wp.com/_static/index494b.html]
[libanky.cilf.cz/ABCDEFGHIJKLMNOPQRSTUVWXYZabcdefghijklmnopqrstuvwxyz0123456789+/index.html]
[libanky.cilf.cz/2018/09/24/mirime-zpet-domu/crios/index.html]
[libanky.cilf.cz/2018/09/24/mirime-zpet-domu/silk/index.html]
[libanky.cilf.cz/category/uncategorized/index.html]
[widgets.wp.com/likes/masterd1db.html]
[libanky.cilf.cz/author/leninka008/wordpress_test_cookie=test; path=/index.html]
[libanky.cilf.cz/2018/09/23/more-a-pohoda/wordpress_test_cookie=test; path=/index.html]
[libanky.cilf.cz/2018/09/23/more-a-pohoda/amp/index.html]
[libanky.cilf.cz/2018/09/23/more-a-pohoda/index9a7b.html]
[libanky.cilf.cz/2018/09/23/more-a-pohoda/index5a58.html]
[libanky.cilf.cz/2018/09/23/more-a-pohoda/index386f.html]
[s0.wp.com/wp-content/mu-plugins/carousel/images/arrows.png]
[s0.wp.com/wp-content/mu-plugins/carousel/images/arrows-2x.png]
[s0.wp.com/wp-content/mu-plugins/carousel/images/carousel-spritee4da.png]
[s0.wp.com/_static/indexc77d.html]
[s0.wp.com/wp-content/mu-plugins/carousel/images/carousel-sprite-2xe4da.png]
[s0.wp.com/wp-content/mu-plugins/carousel/jetpack-carousel1e46.css]
[s1.wp.com/_static/index46ca.html]
[libanky.cilf.cz/2018/09/22/muj-patek-trinacteho/wordpress_test_cookie=test; path=/index.html]
[libanky.cilf.cz/2018/09/22/muj-patek-trinacteho/amp/index.html]
[libanky.cilf.cz/2018/09/22/muj-patek-trinacteho/index9a7b.html]
[libanky.cilf.cz/2018/09/22/muj-patek-trinacteho/index5a58.html]
[libanky.cilf.cz/2018/09/22/muj-patek-trinacteho/index386f.html]
[libanky.cilf.cz/2018/09/21/bohinj/wordpress_test_cookie=test; path=/index.html]
[libanky.cilf.cz/2018/09/21/bohinj/amp/index.html]
[libanky.cilf.cz/2018/09/21/bohinj/index9a7b.html]
[libanky.cilf.cz/2018/09/21/bohinj/index5a58.html]
[libanky.cilf.cz/2018/09/21/bohinj/index386f.html]
[libanky.cilf.cz/2018/09/20/perecnik/wordpress_test_cookie=test; path=/index.html]
[libanky.cilf.cz/2018/09/20/perecnik/amp/index.html]
[libanky.cilf.cz/2018/09/20/perecnik/index9a7b.html]
[libanky.cilf.cz/2018/09/20/perecnik/index5a58.html]
[libanky.cilf.cz/2018/09/20/perecnik/index386f.html]
[libanky.cilf.cz/2018/09/19/jezero-bled/wordpress_test_cookie=test; path=/index.html]
[libanky.cilf.cz/2018/09/19/jezero-bled/amp/index.html]
[libanky.cilf.cz/2018/09/19/jezero-bled/index9a7b.html]
[libanky.cilf.cz/2018/09/19/jezero-bled/index5a58.html]
[libanky.cilf.cz/2018/09/19/jezero-bled/index386f.html]
[libanky.cilf.cz/2018/09/18/krasy-lublane/wordpress_test_cookie=test; path=/index.html]
[libankycilf.files.wordpress.com/2018/09/img_00459be7.jpg]
[libanky.cilf.cz/2018/09/18/krasy-lublane/amp/index.html]
[libanky.cilf.cz/2018/09/18/krasy-lublane/index9a7b.html]
[libanky.cilf.cz/2018/09/18/krasy-lublane/index5a58.html]
[libanky.cilf.cz/2018/09/18/krasy-lublane/index386f.html]
[libanky.cilf.cz/2018/09/15/z-balatonu-do-lublane/wordpress_test_cookie=test; path=/index.html]
[libanky.cilf.cz/2018/09/15/z-balatonu-do-lublane/amp/index.html]
[libanky.cilf.cz/2018/09/15/z-balatonu-do-lublane/index9a7b.html]
[libanky.cilf.cz/2018/09/15/z-balatonu-do-lublane/index5a58.html]
[libanky.cilf.cz/2018/09/15/z-balatonu-do-lublane/index386f.html]
[libanky.cilf.cz/2018/09/15/posledni-den-v-budapesti/wordpress_test_cookie=test; path=/index.html]
[libanky.cilf.cz/2018/09/15/posledni-den-v-budapesti/amp/index.html]
[libanky.cilf.cz/2018/09/15/posledni-den-v-budapesti/index9a7b.html]
[libanky.cilf.cz/2018/09/15/posledni-den-v-budapesti/index5a58.html]
[libanky.cilf.cz/2018/09/15/posledni-den-v-budapesti/index386f.html]
[libanky.cilf.cz/2018/09/14/budapest-den-2/wordpress_test_cookie=test; path=/index.html]
[libanky.cilf.cz/2018/09/14/budapest-den-2/amp/index.html]
[libanky.cilf.cz/2018/09/14/budapest-den-2/index9a7b.html]
[libanky.cilf.cz/2018/09/14/budapest-den-2/index5a58.html]
[libanky.cilf.cz/2018/09/14/budapest-den-2/index386f.html]
[libanky.cilf.cz/2018/09/13/prvni-den-v-budapesti/wordpress_test_cookie=test; path=/index.html]
[libanky.cilf.cz/2018/09/13/prvni-den-v-budapesti/amp/index.html]
[libanky.cilf.cz/2018/09/13/prvni-den-v-budapesti/index9a7b.html]
[libanky.cilf.cz/2018/09/13/prvni-den-v-budapesti/index5a58.html]
[libanky.cilf.cz/2018/09/13/prvni-den-v-budapesti/index386f.html]
[libanky.cilf.cz/2018/09/12/tatry/wordpress_test_cookie=test; path=/index.html]
[libanky.cilf.cz/2018/09/12/tatry/amp/index.html]
[libanky.cilf.cz/2018/09/12/tatry/index9a7b.html]
[libanky.cilf.cz/2018/09/12/tatry/index5a58.html]
[libanky.cilf.cz/2018/09/12/tatry/index386f.html]
[libanky.cilf.cz/2018/09/11/slovenske-diery/wordpress_test_cookie=test; path=/index.html]
[libanky.cilf.cz/2018/09/11/slovenske-diery/amp/index.html]
[libanky.cilf.cz/2018/09/11/slovenske-diery/index9a7b.html]
[libanky.cilf.cz/2018/09/11/slovenske-diery/index5a58.html]
[libanky.cilf.cz/2018/09/11/slovenske-diery/index386f.html]
[libanky.cilf.cz/2018/09/10/prvni-den-na-slovensku/wordpress_test_cookie=test; path=/index.html]
[libanky.cilf.cz/2018/09/10/prvni-den-na-slovensku/amp/index.html]
[libanky.cilf.cz/2018/09/10/prvni-den-na-slovensku/index9a7b.html]
[libanky.cilf.cz/2018/09/10/prvni-den-na-slovensku/index5a58.html]
[libanky.cilf.cz/2018/09/10/prvni-den-na-slovensku/index386f.html]
[libanky.cilf.cz/2018/09/09/uvod/wordpress_test_cookie=test; path=/index.html]
[libanky.cilf.cz/2018/09/09/uvod/amp/index.html]
[libanky.cilf.cz/2018/09/09/uvod/index9a7b.html]
[libanky.cilf.cz/2018/09/09/uvod/index5a58.html]
[libanky.cilf.cz/2018/09/09/uvod/index386f.html]
[libanky.cilf.cz/author/cilfik/wordpress_test_cookie=test; path=/index.html]
[s0.wp.com/_static/index6f9a.html]
[libanky.cilf.cz/ABCDEFGHIJKLMNOPQRSTUVWXYZabcdefghijklmnopqrstuvwxyz0123456789+/index.html]
[widgets.wp.com/index.html]
[s2.wp.com/wp-content/themes/pub/edin/font/edincon0d3d.svg]
[s2.wp.com/wp-content/mu-plugins/genericons/genericons/Genericons.svg]
[libanky.cilf.cz/2018/09/24/mirime-zpet-domu/crios/index.html]
[libanky.cilf.cz/2018/09/24/mirime-zpet-domu/silk/index.html]
[libanky.cilf.cz/category/uncategorized/index.html]
[libanky.cilf.cz/wp-admin/admin-ajax.html]
[libankycilf.files.wordpress.com/2018/09/b70d52da-fbb5-4009-890a-736a5bce8c4a9be7.jpg]
[s0.wp.com/wp-includes/css/admin-bar.min.css]
[s0.wp.com/wp-content/mu-plugins/admin-bar/rtl/wpcom-admin-bar-rtl.css]
[libanky.cilf.cz/category/uncategorized/wordpress_test_cookie=test; path=/index.html]
[s0.wp.com/wp-content/mu-plugins/admin-bar/wpcom-admin-bar.css]
[libanky.cilf.cz/category/uncategorized/feed/index.html]
[widgets.wp.com/likes/GET.16d.delayed]
[s0.wp.com/_static/indexc77d.html]
[libanky.cilf.cz/category/uncategorized/wordpress_test_cookie=test; path=/index.html]
[s0.wp.com/wp-includes/css/admin-bar.min.css]
[s0.wp.com/wp-includes/images/admin-bar-sprite-rtl.16e.delayed]
[s0.wp.com/wp-includes/images/admin-bar-sprite.png]
[s0.wp.com/wp-admin/images/arrows.png]
[s0.wp.com/i/ajax-loader.gif]
[s0.wp.com/i/spritebb39.png]
[s0.wp.com/i/blog-stickers/unchecked.png]
[s0.wp.com/i/blog-stickers/checked.png]
[s0.wp.com/wp-content/mu-plugins/admin-bar/wpcom-admin-bar-icons6512.png]
[s0.wp.com/wp-content/mu-plugins/images/border.png]
[s0.wp.com/wp-content/themes/h4/tabs/images/spin-222.gif]
[s0.wp.com/wp-content/mu-plugins/admin-bar/rtl/wpcom-admin-bar-rtl.css]
[s0.wp.com/wp-content/mu-plugins/admin-bar/wpcom-admin-bar.css]
[widgets.wp.com/likes/GET.html]
[s0.wp.com/wp-includes/images/admin-bar-sprite-rtl.html]
[s0.wp.com/wp-content/mu-plugins/images/border.html]
